JSCompiler_StaticMethods_assoc_BANG_:Le
JSCompiler_StaticMethods_cljs$core$ITransientVector$_assoc_n_BANG_$arity$3:Qd
JSCompiler_StaticMethods_sval:Vc
JSCompiler_prototypeAlias:g
L 0:a
L 1:b
L 10:n
L 11:p
L 12:q
L 13:r
L 14:v
L 15:t
L 16:y
L 17:C
L 18:J
L 19:Q
L 2:c
L 20:la
L 21:pa
L 22:te
L 23:dg
L 24:Og
L 25:Gh
L 26:Hh
L 27:eg
L 28:Bh
L 29:Ch
L 3:d
L 30:Dh
L 31:Eh
L 32:Fh
L 33:Ng
L 34:Jh
L 35:Ih
L 4:f
L 5:e
L 6:h
L 7:k
L 8:l
L 9:m
cljs$core$ArrayChunk:Xc
cljs$core$ArrayNode:ve
cljs$core$ArrayNodeIterator:ze
cljs$core$ArrayNodeSeq:Ge
cljs$core$BitmapIndexedNode:qe
cljs$core$BitmapIndexedNode$EMPTY:ue
cljs$core$Box:le
cljs$core$ChunkBuffer:Wc
cljs$core$ChunkedCons:Yc
cljs$core$ChunkedSeq:Md
cljs$core$Cons:Qc
cljs$core$ES6EntriesIterator:Ud
cljs$core$ES6Iterator:Nb
cljs$core$ES6IteratorSeq:Pb
cljs$core$ES6SetEntriesIterator:Sf
cljs$core$EmptyList:Oc
cljs$core$HashCollisionNode:De
cljs$core$HashMapIter:Ie
cljs$core$HashSetIter:Vf
cljs$core$IAssociative:Ma
cljs$core$ICollection:Da
cljs$core$ICounted:za
cljs$core$IEmptyableCollection:Ba
cljs$core$IEncodeJS:ef
cljs$core$IIndexed:Fa
cljs$core$IIndexed$_nth$dyn_7772:Ga
cljs$core$IIterable:tb
cljs$core$IKVReduce:Za
cljs$core$IList:fb
cljs$core$ILookup:Ja
cljs$core$ILookup$_lookup$dyn_7838:La
cljs$core$IMap:Pa
cljs$core$IMeta:Ta
cljs$core$INext:Ia
cljs$core$IPrintWithWriter:jb
cljs$core$IRecord:gb
cljs$core$IReduce:Wa
cljs$core$IReduce$_reduce$dyn_7891:Ya
cljs$core$ISeqable:cb
cljs$core$ISequential:eb
cljs$core$ISet:sd
cljs$core$ITER_SYMBOL:xa
cljs$core$IVector:Sa
cljs$core$IndexedSeq:M
cljs$core$IndexedSeqIterator:dc
cljs$core$KeySeq:Me
cljs$core$Keyword:I
cljs$core$LazySeq:Uc
cljs$core$List:mc
cljs$core$List$EMPTY:O
cljs$core$MapEntry:Wd
cljs$core$MetaFn:qc
cljs$core$NeverEquiv:Rd
cljs$core$NodeIterator:pe
cljs$core$NodeSeq:Ee
cljs$core$PROTOCOL_SENTINEL:x
cljs$core$PersistentArrayMap:oa
cljs$core$PersistentArrayMap$EMPTY:md
cljs$core$PersistentArrayMap$HASHMAP_THRESHOLD:ce
cljs$core$PersistentArrayMap$createAsIfByAssoc:pc
cljs$core$PersistentArrayMap$createAsIfByAssocComplexPath:he
cljs$core$PersistentArrayMapIterator:Zd
cljs$core$PersistentArrayMapSeq:Yd
cljs$core$PersistentHashMap:Je
cljs$core$PersistentHashMap$EMPTY:de
cljs$core$PersistentHashSet:Wf
cljs$core$PersistentHashSet$EMPTY:Yf
cljs$core$PersistentVector:Y
cljs$core$PersistentVector$EMPTY:lc
cljs$core$PersistentVector$EMPTY_NODE:Ld
cljs$core$RangedIterator:Dd
cljs$core$Reduced:Ub
cljs$core$StringBufferWriter:vb
cljs$core$Symbol:Hb
cljs$core$TransientArrayMap:be
cljs$core$TransientHashMap:Ke
cljs$core$TransientHashSet:Xf
cljs$core$TransientVector:Gd
cljs$core$UUID:gg
cljs$core$ValSeq:Ne
cljs$core$VectorNode:vd
cljs$core$Volatile:Bf
cljs$core$_EQ_:R
cljs$core$_STAR_print_level_STAR_:ma
cljs$core$__destructure_map:ld
cljs$core$_add_watch:bf
cljs$core$_as_transient:lb
cljs$core$_assoc:Oa
cljs$core$_assoc_BANG_:ob
cljs$core$_chunked_first:qb
cljs$core$_chunked_rest:rb
cljs$core$_clj__GT_js:ff
cljs$core$_conj:Ea
cljs$core$_conj_BANG_:mb
cljs$core$_contains_key_QMARK_:Na
cljs$core$_count:Aa
cljs$core$_deref:G
cljs$core$_dissoc:rd
cljs$core$_drop_first:pb
cljs$core$_empty:Ca
cljs$core$_equiv:ab
cljs$core$_find:qd
cljs$core$_first:F
cljs$core$_hash:bb
cljs$core$_indexOf$cljs$0core$0IFn$0_invoke$0arity$03:S
cljs$core$_iterator:ub
cljs$core$_key:Qa
cljs$core$_kv_reduce:$a
cljs$core$_lastIndexOf$cljs$0core$0IFn$0_invoke$0arity$03:U
cljs$core$_lookup:Ka
cljs$core$_meta:Ua
cljs$core$_nth:E
cljs$core$_persistent_BANG_:nb
cljs$core$_pr_writer:kb
cljs$core$_reduce:Xa
cljs$core$_remove_watch:cf
cljs$core$_rest:Ha
cljs$core$_seq:db
cljs$core$_val:Ra
cljs$core$_vreset_BANG_:df
cljs$core$_with_meta:Va
cljs$core$_write:H
cljs$core$aclone:ya
cljs$core$add_watch:bg
cljs$core$apply:rc
cljs$core$apply$cljs$0core$0IFn$0_invoke$0arity$02:id
cljs$core$apply$cljs$0core$0IFn$0_invoke$0arity$03:jd
cljs$core$apply_to:cd
cljs$core$apply_to_simple$cljs$0core$0IFn$0_invoke$0arity$03:ed
cljs$core$apply_to_simple$cljs$0core$0IFn$0_invoke$0arity$04:fd
cljs$core$apply_to_simple$cljs$0core$0IFn$0_invoke$0arity$05:gd
cljs$core$apply_to_simple$cljs$0core$0IFn$0_invoke$0arity$06:hd
cljs$core$array_QMARK_:va
cljs$core$array__GT_transient_hash_map:ke
cljs$core$array_copy:Ac
cljs$core$array_for:Bd
cljs$core$array_index_of:Vd
cljs$core$array_reduce$cljs$0core$0IFn$0_invoke$0arity$02:Xb
cljs$core$array_reduce$cljs$0core$0IFn$0_invoke$0arity$03:Yb
cljs$core$array_reduce$cljs$0core$0IFn$0_invoke$0arity$04:Zb
cljs$core$assoc:oc
cljs$core$bit_count:Nc
cljs$core$boolean$0:Cc
cljs$core$bounded_count:ad
cljs$core$char_escapes:Se
cljs$core$chunk_append:$c
cljs$core$chunk_cons:Zc
cljs$core$chunked_seq:Kd
cljs$core$chunked_seq$cljs$0core$0IFn$0_invoke$0arity$04:Jd
cljs$core$chunked_seq$cljs$0core$0IFn$0_invoke$0arity$05:Nd
cljs$core$chunked_seq_QMARK_:zc
cljs$core$clj__GT_js:hf
cljs$core$clone_and_set$cljs$0core$0IFn$0_invoke$0arity$03:me
cljs$core$conj:kc
cljs$core$cons:V
cljs$core$contains_QMARK_:Dc
cljs$core$count:T
cljs$core$counted_QMARK_:$b
cljs$core$create_array_node_seq:Be
cljs$core$create_array_node_seq$cljs$0core$0IFn$0_invoke$0arity$01:Ae
cljs$core$create_array_node_seq$cljs$0core$0IFn$0_invoke$0arity$03:He
cljs$core$create_inode_seq:se
cljs$core$create_inode_seq$cljs$0core$0IFn$0_invoke$0arity$01:re
cljs$core$create_inode_seq$cljs$0core$0IFn$0_invoke$0arity$03:Fe
cljs$core$create_node:xe
cljs$core$create_node$cljs$0core$0IFn$0_invoke$0arity$06:ye
cljs$core$create_node$cljs$0core$0IFn$0_invoke$0arity$07:we
cljs$core$deref:Wb
cljs$core$dissoc:mf
cljs$core$do_assoc:Cd
cljs$core$edit_and_set$cljs$0core$0IFn$0_invoke$0arity$04:ne
cljs$core$empty_ordered_hash:Rb
cljs$core$empty_unordered_hash:Tb
cljs$core$equiv_map:Td
cljs$core$equiv_sequential:fc
cljs$core$es6_iterator:Ob
cljs$core$es6_iterator_seq:Lb
cljs$core$every_QMARK_:od
cljs$core$first:N
cljs$core$get:Ib
cljs$core$hash:Fb
cljs$core$hash_collision_node_find_index:Ce
cljs$core$hash_combine:Gb
cljs$core$hash_ordered_coll:Qb
cljs$core$hash_string:Eb
cljs$core$hash_unordered_coll:Sb
cljs$core$identity:Kc
cljs$core$imul:xb
cljs$core$indexed_QMARK_:ac
cljs$core$inode_kv_reduce:oe
cljs$core$into:ud
cljs$core$iter_reduce$cljs$0core$0IFn$0_invoke$0arity$02:Gc
cljs$core$iter_reduce$cljs$0core$0IFn$0_invoke$0arity$03:Hc
cljs$core$iterable_QMARK_:Kb
cljs$core$key:ie
cljs$core$key__GT_js$cljs$0core$0IFn$0_invoke$0arity$02:gf
cljs$core$key_test:ee
cljs$core$keys:$d
cljs$core$keyword:Sc
cljs$core$lift_ns:$e
cljs$core$linear_traversal_nth$cljs$0core$0IFn$0_invoke$0arity$03:nc
cljs$core$lookup_sentinel:Bc
cljs$core$m3_fmix:Ab
cljs$core$m3_hash_unencoded_chars:Bb
cljs$core$m3_mix_H1:zb
cljs$core$m3_mix_K1:yb
cljs$core$map:X
cljs$core$map_QMARK_:wc
cljs$core$map_entry_QMARK_:Xd
cljs$core$meta:tc
cljs$core$missing_protocol:B
cljs$core$name:Tc
cljs$core$namespace:Rc
cljs$core$native_satisfies_QMARK_:A
cljs$core$never_equiv:Sd
cljs$core$new_path:yd
cljs$core$next:P
cljs$core$next_STAR_:dd
cljs$core$not:pd
cljs$core$nth:cc
cljs$core$nth$cljs$0core$0IFn$0_invoke$0arity$02:bc
cljs$core$nth$cljs$0core$0IFn$0_invoke$0arity$03:W
cljs$core$pam_grow_seed_array:ge
cljs$core$pam_new_size:fe
cljs$core$pr_opts:na
cljs$core$pr_sequential_writer:Pe
cljs$core$pr_str_STAR_:wb
cljs$core$pr_writer:Z
cljs$core$pr_writer_impl:Ve
cljs$core$prim_seq$cljs$0core$0IFn$0_invoke$0arity$02:gc
cljs$core$print_map:We
cljs$core$print_meta_QMARK_:Ue
cljs$core$print_prefix_map:af
cljs$core$push_tail:zd
cljs$core$pv_fresh_node:wd
cljs$core$pv_reduce$cljs$0core$0IFn$0_invoke$0arity$04:Ed
cljs$core$pv_reduce$cljs$0core$0IFn$0_invoke$0arity$05:Fd
cljs$core$quot:Mc
cljs$core$quote_string:Te
cljs$core$random_uuid:hg
cljs$core$record_QMARK_:xc
cljs$core$reduce:Fc
cljs$core$reduce$cljs$0core$0IFn$0_invoke$0arity$03:Ec
cljs$core$reduce_kv:Jc
cljs$core$reduced_QMARK_:Vb
cljs$core$remove_pair:Tf
cljs$core$rest:Mb
cljs$core$seq:K
cljs$core$seq_reduce$cljs$0core$0IFn$0_invoke$0arity$02:hc
cljs$core$seq_reduce$cljs$0core$0IFn$0_invoke$0arity$03:jc
cljs$core$sequential_QMARK_:vc
cljs$core$spread:bd
cljs$core$str:D
cljs$core$string_hash_cache:Cb
cljs$core$string_hash_cache_count:Db
cljs$core$strip_ns:Ze
cljs$core$symbol:Jb
cljs$core$t_cljs$0core6546:nd
cljs$core$tail_off:xd
cljs$core$transduce$cljs$0core$0IFn$0_invoke$0arity$04:Lc
cljs$core$truth_:z
cljs$core$tv_editable_root:Hd
cljs$core$tv_editable_tail:Id
cljs$core$tv_ensure_editable:Od
cljs$core$tv_push_tail:Pd
cljs$core$type__GT_str:wa
cljs$core$unchecked_array_for:Ad
cljs$core$val:je
cljs$core$vals:ae
cljs$core$vector_QMARK_:yc
cljs$core$with_meta:sc
cljs$core$write_all$cljs$0core$0IFn$0_invoke$0arity$0variadic:Re
cljs$cst$0$flush_on_newline:qa
cljs$cst$1$readably:ra
cljs$cst$105$more_marker:Qe
cljs$cst$106$alt_impl:Xe
cljs$cst$107$fallback_impl:Ye
cljs$cst$108$val:ag
cljs$cst$126$keyword_fn:jf
cljs$cst$2$meta:sa
cljs$cst$226$init:Bg
cljs$cst$229$wrap_render:wg
cljs$cst$237$will_unmount:Dg
cljs$cst$241$rum_SLASH_react_component:vg
cljs$cst$247$rum_DOT_reactive_SLASH_key:Ag
cljs$cst$248$rum_DOT_reactive_SLASH_refs:ug
cljs$cst$249$button:ia
cljs$cst$250$title:ha
cljs$cst$251$component:ea
cljs$cst$3$dup:ta
cljs$cst$4$print_length:ua
goog$UID_PROPERTY_:ca
goog$exportPath_:ba
goog$global:aa
goog$string$StringBuffer:ka
goog$typeOf:u
goog$uidCounter_:da
module$contents$goog$labs$userAgent$platform_isIphone:Lf
module$contents$goog$labs$userAgent$util_getNativeUserAgentString:ja
module$contents$goog$labs$userAgent$util_matchUserAgent:w
module$contents$goog$object_get:ic
module$contents$goog$object_getKeys:fa
module$node_modules$react$index:If
module$node_modules$react_dom$index:Kf
my_project$core$button:ib
my_project$core$button_story:sb
navigator$jscomp$inline_534:hb
rum$core$_STAR_reactions_STAR_:qh
rum$core$batch:wh
rum$core$reactive:ec
rum$core$render:zh
rum$core$render_all:yh
rum$core$render_queue:xh
rum$core$request_render:Ah
rum$core$schedule:vh
shadow$js$files:Ef
shadow$js$jsRequire:Hf
shadow$js$nativeRequires:Ff
shadow$js$requireStack:Gf
